// Jest Snapshot v1, https://goo.gl/fbAQLP

exports[`should render NotFoundPage correctly 1`] = `
<div
  className="main"
>
  <Connect(Header) />
  <Connect(DashboardPage) />
</div>
`;
